<?xml version="1.0" encoding="utf-8"?><testsuites name="pytest tests"><testsuite name="pytest" errors="0" failures="0" skipped="0" tests="68" time="17.504" timestamp="2026-05-08T10:41:41.389074+00:00" hostname="kali"><testcase classname="tests.integration.test_api.TestIncidentReportAPI" name="test_post_reports_201_with_valid_payload" time="9.688" /><testcase classname="tests.integration.test_api.TestIncidentReportAPI" name="test_post_reports_400_with_out_of_bounds" time="0.020" /><testcase classname="tests.integration.test_api.TestIncidentReportAPI" name="test_patch_verify_by_authority_200" time="0.039" /><testcase classname="tests.integration.test_api.TestIncidentReportAPI" name="test_patch_verify_by_citizen_403" time="0.024" /><testcase classname="tests.integration.test_api.TestAlertZoneAPI" name="test_get_zones_returns_geojson" time="0.034" /><testcase classname="tests.integration.test_api.TestPredictAPI" name="test_get_predict_returns_float" time="0.143" /><testcase classname="tests.integration.test_api.TestRateLimiting" name="test_rate_limiter_429_after_10_submissions" time="0.146" /><testcase classname="tests.integration.test_celery.TestFetchFloodAPITask" name="test_creates_flood_reading_records" time="0.039" /><testcase classname="tests.integration.test_celery.TestRunRiskScoringTask" name="test_loads_model_and_writes_risk_score" time="0.074" /><testcase classname="tests.integration.test_celery.TestDispatchAlertsTask" name="test_writes_alert_log" time="0.054" /><testcase classname="tests.integration.test_celery.TestAlertDeduplication" name="test_first_alert_sends_second_does_not" time="0.064" /><testcase classname="tests.unit.test_emergency_acknowledgment.TestEmergencyAcknowledgmentWorkflow" name="test_emergency_acknowledgment_model_fields_exist" time="0.034" /><testcase classname="tests.unit.test_emergency_acknowledgment.TestEmergencyAcknowledgmentWorkflow" name="test_emergency_acknowledgment_can_be_recorded" time="0.036" /><testcase classname="tests.unit.test_emergency_acknowledgment.TestEmergencyAcknowledgmentWorkflow" name="test_emergency_acknowledgment_triggers_alert_suppression" time="0.039" /><testcase classname="tests.unit.test_emergency_acknowledgment.TestEmergencyAcknowledgmentWorkflow" name="test_acknowledgment_api_endpoint_exists" time="0.032" /><testcase classname="tests.unit.test_emergency_acknowledgment.TestEmergencyAcknowledgmentWorkflow" name="test_only_authority_can_acknowledge_emergencies" time="0.045" /><testcase classname="tests.unit.test_emergency_acknowledgment.TestEmergencyAcknowledgmentWorkflow" name="test_acknowledgment_updates_report_status" time="0.031" /><testcase classname="tests.unit.test_emergency_acknowledgment.TestEmergencyAcknowledgmentWorkflow" name="test_multiple_acknowledgments_handled_correctly" time="0.039" /><testcase classname="tests.unit.test_emergency_acknowledgment.TestEmergencyAcknowledgmentWorkflow" name="test_acknowledgment_integration_with_alert_system" time="0.029" /><testcase classname="tests.unit.test_geographic_clustering.TestGeographicClustering" name="test_incident_report_has_cluster_id_field" time="0.008" /><testcase classname="tests.unit.test_geographic_clustering.TestGeographicClustering" name="test_cluster_id_is_auto_generated_on_save" time="0.013" /><testcase classname="tests.unit.test_geographic_clustering.TestGeographicClustering" name="test_nearby_reports_share_cluster_id" time="0.017" /><testcase classname="tests.unit.test_geographic_clustering.TestGeographicClustering" name="test_far_apart_reports_have_different_cluster_ids" time="0.017" /><testcase classname="tests.unit.test_geographic_clustering.TestGeographicClustering" name="test_cluster_id_based_on_earliest_report" time="0.022" /><testcase classname="tests.unit.test_geographic_clustering.TestGeographicClustering" name="test_cluster_recent_reports_method_exists" time="0.008" /><testcase classname="tests.unit.test_geographic_clustering.TestGeographicClustering" name="test_cluster_recent_reports_updates_cluster_ids" time="0.029" /><testcase classname="tests.unit.test_manual_override.TestManualAlertOverride" name="test_manual_override_fields_exist" time="0.026" /><testcase classname="tests.unit.test_manual_override.TestManualAlertOverride" name="test_is_override_active_property_false_by_default" time="0.025" /><testcase classname="tests.unit.test_manual_override.TestManualAlertOverride" name="test_is_override_active_property_true_when_active" time="0.034" /><testcase classname="tests.unit.test_manual_override.TestManualAlertOverride" name="test_is_override_active_property_false_when_expired" time="0.037" /><testcase classname="tests.unit.test_manual_override.TestManualAlertOverride" name="test_manual_override_api_endpoint_exists" time="0.029" /><testcase classname="tests.unit.test_manual_override.TestManualAlertOverride" name="test_only_authority_and_admin_can_set_manual_override" time="0.059" /><testcase classname="tests.unit.test_manual_override.TestManualAlertOverride" name="test_manual_override_can_be_deactivated" time="0.051" /><testcase classname="tests.unit.test_manual_override.TestManualAlertOverride" name="test_manual_override_with_duration_sets_until_field" time="0.036" /><testcase classname="tests.unit.test_manual_override.TestManualAlertOverride" name="test_dispatch_alerts_respects_manual_override" time="0.032" /><testcase classname="tests.unit.test_models.TestAlertZone" name="test_centroid_property" time="0.010" /><testcase classname="tests.unit.test_models.TestFloodReading" name="test_risk_score_triggers_dispatch_alerts" time="0.013" /><testcase classname="tests.unit.test_models.TestIncidentReport" name="test_severity_validation" time="0.029" /><testcase classname="tests.unit.test_models.TestUserProfile" name="test_auto_created_on_user_save" time="0.009" /><testcase classname="tests.unit.test_models.TestUserProfile" name="test_deleting_user_cascades_profile" time="0.201" /><testcase classname="tests.unit.test_permissions.TestIsAuthority" name="test_returns_true_for_authority_user" time="0.013" /><testcase classname="tests.unit.test_permissions.TestIsAuthority" name="test_returns_false_for_citizen_user" time="0.009" /><testcase classname="tests.unit.test_permissions.TestIsAuthority" name="test_returns_false_for_anonymous" time="0.003" /><testcase classname="tests.unit.test_permissions.TestIsAdminUser" name="test_returns_true_for_superuser" time="0.528" /><testcase classname="tests.unit.test_permissions.TestIsAdminUser" name="test_returns_false_for_non_superuser" time="0.007" /><testcase classname="tests.unit.test_permissions.TestIsAdminUser" name="test_returns_false_for_anonymous" time="0.003" /><testcase classname="tests.unit.test_registration" name="test_register_view_creates_one_profile" time="0.561" /><testcase classname="tests.unit.test_registration" name="test_register_view_saves_phone_number_when_provided" time="0.497" /><testcase classname="tests.unit.test_registration" name="test_register_view_rejects_invalid_phone_format" time="1.029" /><testcase classname="tests.unit.test_serializers.TestIncidentReportSerializer" name="test_rejects_out_of_bounds_coordinates" time="0.023" /><testcase classname="tests.unit.test_serializers.TestIncidentReportSerializer" name="test_accepts_valid_coordinates" time="0.016" /><testcase classname="tests.unit.test_serializers.TestIncidentReportSerializer" name="test_rejects_non_image_file" time="0.397" /><testcase classname="tests.unit.test_serializers.TestIncidentReportSerializer" name="test_accepts_image_file" time="0.011" /><testcase classname="tests.unit.test_serializers.TestFloodReadingSerializer" name="test_serialises_point_as_geojson" time="0.008" /><testcase classname="tests.unit.test_sms_delivery_tracking.TestSMSDeliveryReceiptTracking" name="test_alert_log_has_delivery_tracking_fields" time="0.021" /><testcase classname="tests.unit.test_sms_delivery_tracking.TestSMSDeliveryReceiptTracking" name="test_alert_log_can_track_delivery_status" time="0.038" /><testcase classname="tests.unit.test_sms_delivery_tracking.TestSMSDeliveryReceiptTracking" name="test_alert_log_delivery_choices" time="0.039" /><testcase classname="tests.unit.test_sms_delivery_tracking.TestSMSDeliveryReceiptTracking" name="test_dispatch_alerts_creates_tracked_alert_log" time="0.050" /><testcase classname="tests.unit.test_sms_delivery_tracking.TestSMSDeliveryReceiptTracking" name="test_dispatch_alerts_handles_failed_delivery" time="0.044" /><testcase classname="tests.unit.test_zone_boundary_validation.TestAutomatedZoneBoundaryValidation" name="test_valid_zone_within_kenya_bounds_passes_validation" time="0.010" /><testcase classname="tests.unit.test_zone_boundary_validation.TestAutomatedZoneBoundaryValidation" name="test_invalid_polygon_raises_validation_error" time="0.005" /><testcase classname="tests.unit.test_zone_boundary_validation.TestAutomatedZoneBoundaryValidation" name="test_zone_outside_default_bounds_raises_validation_error" time="0.005" /><testcase classname="tests.unit.test_zone_boundary_validation.TestAutomatedZoneBoundaryValidation" name="test_zone_validation_called_on_save" time="0.004" /><testcase classname="tests.unit.test_zone_boundary_validation.TestAutomatedZoneBoundaryValidation" name="test_valid_nairobi_area_zone_passes" time="0.012" /><testcase classname="tests.unit.test_zone_boundary_validation.TestAutomatedZoneBoundaryValidation" name="test_zone_validation_works_with_factory" time="0.017" /><testcase classname="tests.e2e.test_dashboard.TestDashboardE2E" name="test_map_loads_zones" time="0.003" /><testcase classname="tests.e2e.test_dashboard.TestDashboardE2E" name="test_citizen_form_submits" time="0.002" /><testcase classname="tests.e2e.test_dashboard.TestDashboardE2E" name="test_authority_verify_updates" time="1.271" /></testsuite></testsuites>